[2025-08-23 09:40:27] Product ID: https://www.amazon.com/Costzon-Chairs-Storage-Toddler-Natural/dp/B0C58LJ9NF?th=1, Old Price: 179.99, New Price: N/A, Status: Failed, Message: Sheet update error: name 'requests' is not defined
[2025-08-23 09:40:50] Product ID: https://www.amazon.com/INFANS-Toddler-Activity-Children-Furniture/dp/B0C57WV3BN/ref=psdc_1063306_t1_B0C58LJ9NF, Old Price: 159.99, New Price: N/A, Status: Failed, Message: Sheet update error: name 'requests' is not defined
[2025-08-23 09:42:07] Product ID: https://www.amazon.com/Step2-Great-Creations-Center-Easel/dp/B06XJT23F4/?tag=hyprod-20&linkCode=df0&hvadid=309849796535&hvpos=&hvnetw=g&hvrand=1481776460445366098&hvpone=&hvptwo=&hvqmt=&hvdev=c&hvdvcmdl=&hvlocint=&hvlocphy=9004364&hvtargid=pla-523670915209&psc=1, Old Price: 130.99, New Price: N/A, Status: Failed, Message: Sheet update error: name 'requests' is not defined
[2025-08-23 09:43:38] Product ID: https://www.amazon.com/VIVO-Height-Adjustable-Childrens-Chair/dp/B017BOILEE, Old Price: 119.99, New Price: N/A, Status: Failed, Message: Sheet update error: name 'requests' is not defined
[2025-08-23 09:44:43] Product ID: https://www.amazon.com/VIVO-Height-Adjustable-Childrens-Chair/dp/B017BOILEE?th=1, Old Price: 119.99, New Price: N/A, Status: Failed, Message: Sheet update error: name 'requests' is not defined
[2025-08-23 09:45:30] Product ID: https://www.amazon.com/VIVO-Height-Adjustable-Childrens-Chair/dp/B017J3PE6K?th=1, Old Price: 119.99, New Price: N/A, Status: Failed, Message: Sheet update error: name 'requests' is not defined
[2025-08-23 09:56:47] Product ID: http://example.com/product1, Old Price: 10.0, New Price: N/A, Status: Failed, Message: Sheet update error: name 'requests' is not defined
[2025-08-23 10:03:16] Product ID: https://www.amazon.com/Costzon-Chairs-Storage-Toddler-Natural/dp/B0C58LJ9NF?th=1, Old Price: 179.99, New Price: , Status: Failed, Message: Sheet update error: name 'requests' is not defined
[2025-08-23 10:03:40] Product ID: https://www.amazon.com/INFANS-Toddler-Activity-Children-Furniture/dp/B0C57WV3BN/ref=psdc_1063306_t1_B0C58LJ9NF, Old Price: 159.99, New Price: , Status: Failed, Message: Sheet update error: name 'requests' is not defined
[2025-08-23 10:04:50] Product ID: https://www.amazon.com/Step2-Great-Creations-Center-Easel/dp/B06XJT23F4/?tag=hyprod-20&linkCode=df0&hvadid=309849796535&hvpos=&hvnetw=g&hvrand=1481776460445366098&hvpone=&hvptwo=&hvqmt=&hvdev=c&hvdvcmdl=&hvlocint=&hvlocphy=9004364&hvtargid=pla-523670915209&psc=1, Old Price: 130.99, New Price: , Status: Failed, Message: Sheet update error: name 'requests' is not defined
[2025-08-23 10:07:01] Product ID: https://www.amazon.com/VIVO-Height-Adjustable-Childrens-Chair/dp/B017BOILEE, Old Price: 119.99, New Price: , Status: Failed, Message: Sheet update error: name 'requests' is not defined
[2025-08-23 10:10:13] Product ID: https://www.amazon.com/VIVO-Height-Adjustable-Childrens-Chair/dp/B017BOILEE?th=1, Old Price: 119.99, New Price: , Status: Failed, Message: Sheet update error: name 'requests' is not defined
[2025-08-23 10:14:15] Product ID: https://www.amazon.com/VIVO-Height-Adjustable-Childrens-Chair/dp/B017J3PE6K?th=1, Old Price: 119.99, New Price: , Status: Failed, Message: Sheet update error: name 'requests' is not defined
[2025-08-23 11:25:34] Product ID: https://www.amazon.com/Costzon-Chairs-Storage-Toddler-Natural/dp/B0C58LJ9NF?th=1, Old Price: 179.99, New Price: inf, Status: Failed, Message: Sheet update error: <HttpError 400 when requesting https://sheets.googleapis.com/v4/spreadsheets/15CLPMfBtu0atxtWWh0Hyr92AWkMdauG0ONJ0X7EUsMw:batchUpdate?alt=json returned "Invalid JSON payload received. Unexpected token.
e": {"numberValue": Infinity}}]}], "fiel
                    ^". Details: "Invalid JSON payload received. Unexpected token.
e": {"numberValue": Infinity}}]}], "fiel
                    ^">
[2025-08-23 11:26:01] Product ID: https://www.amazon.com/INFANS-Toddler-Activity-Children-Furniture/dp/B0C57WV3BN/ref=psdc_1063306_t1_B0C58LJ9NF, Old Price: 159.99, New Price: inf, Status: Failed, Message: Sheet update error: <HttpError 400 when requesting https://sheets.googleapis.com/v4/spreadsheets/15CLPMfBtu0atxtWWh0Hyr92AWkMdauG0ONJ0X7EUsMw:batchUpdate?alt=json returned "Invalid JSON payload received. Unexpected token.
e": {"numberValue": Infinity}}]}], "fiel
                    ^". Details: "Invalid JSON payload received. Unexpected token.
e": {"numberValue": Infinity}}]}], "fiel
                    ^">
[2025-08-23 11:27:53] Product ID: https://www.amazon.com/VIVO-Height-Adjustable-Childrens-Chair/dp/B017BOILEE, Old Price: 119.99, New Price: inf, Status: Failed, Message: Sheet update error: <HttpError 400 when requesting https://sheets.googleapis.com/v4/spreadsheets/15CLPMfBtu0atxtWWh0Hyr92AWkMdauG0ONJ0X7EUsMw:batchUpdate?alt=json returned "Invalid JSON payload received. Unexpected token.
e": {"numberValue": Infinity}}]}], "fiel
                    ^". Details: "Invalid JSON payload received. Unexpected token.
e": {"numberValue": Infinity}}]}], "fiel
                    ^">
[2025-08-23 11:29:19] Product ID: https://www.amazon.com/VIVO-Height-Adjustable-Childrens-Chair/dp/B017BOILEE?th=1, Old Price: 119.99, New Price: inf, Status: Failed, Message: Sheet update error: <HttpError 400 when requesting https://sheets.googleapis.com/v4/spreadsheets/15CLPMfBtu0atxtWWh0Hyr92AWkMdauG0ONJ0X7EUsMw:batchUpdate?alt=json returned "Invalid JSON payload received. Unexpected token.
e": {"numberValue": Infinity}}]}], "fiel
                    ^". Details: "Invalid JSON payload received. Unexpected token.
e": {"numberValue": Infinity}}]}], "fiel
                    ^">
[2025-08-23 11:30:24] Product ID: https://www.amazon.com/VIVO-Height-Adjustable-Childrens-Chair/dp/B017J3PE6K?th=1, Old Price: 119.99, New Price: inf, Status: Failed, Message: Sheet update error: <HttpError 400 when requesting https://sheets.googleapis.com/v4/spreadsheets/15CLPMfBtu0atxtWWh0Hyr92AWkMdauG0ONJ0X7EUsMw:batchUpdate?alt=json returned "Invalid JSON payload received. Unexpected token.
e": {"numberValue": Infinity}}]}], "fiel
                    ^". Details: "Invalid JSON payload received. Unexpected token.
e": {"numberValue": Infinity}}]}], "fiel
                    ^">
[2025-08-23 12:04:34] Product ID: https://www.amazon.com/Costzon-Chairs-Storage-Toddler-Natural/dp/B0C58LJ9NF?th=1, Old Price: 179.99, New Price: inf, Status: Failed, Message: Sheet update error: <HttpError 400 when requesting https://sheets.googleapis.com/v4/spreadsheets/15CLPMfBtu0atxtWWh0Hyr92AWkMdauG0ONJ0X7EUsMw:batchUpdate?alt=json returned "Invalid JSON payload received. Unexpected token.
e": {"numberValue": Infinity}}]}], "fiel
                    ^". Details: "Invalid JSON payload received. Unexpected token.
e": {"numberValue": Infinity}}]}], "fiel
                    ^">
[2025-08-23 12:05:01] Product ID: https://www.amazon.com/INFANS-Toddler-Activity-Children-Furniture/dp/B0C57WV3BN/ref=psdc_1063306_t1_B0C58LJ9NF, Old Price: 159.99, New Price: inf, Status: Failed, Message: Sheet update error: <HttpError 400 when requesting https://sheets.googleapis.com/v4/spreadsheets/15CLPMfBtu0atxtWWh0Hyr92AWkMdauG0ONJ0X7EUsMw:batchUpdate?alt=json returned "Invalid JSON payload received. Unexpected token.
e": {"numberValue": Infinity}}]}], "fiel
                    ^". Details: "Invalid JSON payload received. Unexpected token.
e": {"numberValue": Infinity}}]}], "fiel
                    ^">
[2025-08-23 12:07:20] Product ID: https://www.amazon.com/VIVO-Height-Adjustable-Childrens-Chair/dp/B017BOILEE, Old Price: 119.99, New Price: inf, Status: Failed, Message: Sheet update error: <HttpError 400 when requesting https://sheets.googleapis.com/v4/spreadsheets/15CLPMfBtu0atxtWWh0Hyr92AWkMdauG0ONJ0X7EUsMw:batchUpdate?alt=json returned "Invalid JSON payload received. Unexpected token.
e": {"numberValue": Infinity}}]}], "fiel
                    ^". Details: "Invalid JSON payload received. Unexpected token.
e": {"numberValue": Infinity}}]}], "fiel
                    ^">
[2025-08-23 12:08:07] Product ID: https://www.amazon.com/VIVO-Height-Adjustable-Childrens-Chair/dp/B017BOILEE?th=1, Old Price: 119.99, New Price: inf, Status: Failed, Message: Sheet update error: <HttpError 400 when requesting https://sheets.googleapis.com/v4/spreadsheets/15CLPMfBtu0atxtWWh0Hyr92AWkMdauG0ONJ0X7EUsMw:batchUpdate?alt=json returned "Invalid JSON payload received. Unexpected token.
e": {"numberValue": Infinity}}]}], "fiel
                    ^". Details: "Invalid JSON payload received. Unexpected token.
e": {"numberValue": Infinity}}]}], "fiel
                    ^">
[2025-08-23 12:08:46] Product ID: https://www.amazon.com/VIVO-Height-Adjustable-Childrens-Chair/dp/B017J3PE6K?th=1, Old Price: 119.99, New Price: inf, Status: Failed, Message: Sheet update error: <HttpError 400 when requesting https://sheets.googleapis.com/v4/spreadsheets/15CLPMfBtu0atxtWWh0Hyr92AWkMdauG0ONJ0X7EUsMw:batchUpdate?alt=json returned "Invalid JSON payload received. Unexpected token.
e": {"numberValue": Infinity}}]}], "fiel
                    ^". Details: "Invalid JSON payload received. Unexpected token.
e": {"numberValue": Infinity}}]}], "fiel
                    ^">
